redneuronal2.c:63:6:add_to_imgs_array	16	static
redneuronal2.c:77:5:array_size	32	static
redneuronal2.c:89:8:sigmoid	32	static
redneuronal2.c:91:8:dSigmoid	48	static
redneuronal2.c:93:8:generate_random_weight	16	static
redneuronal2.c:96:6:output	64	static
redneuronal2.c:107:6:load_data_training	144	static
redneuronal2.c:152:6:shuffle_array	96	static
redneuronal2.c:197:6:print_img_array	48	static
redneuronal2.c:206:6:load_data	80	static
redneuronal2.c:227:5:load_weights	128	static
redneuronal2.c:275:5:load_bias	112	static
redneuronal2.c:323:6:test_aux	96	static
redneuronal2.c:341:6:get_type	64	static
redneuronal2.c:354:6:test	80	static
redneuronal2.c:382:6:train_network_aux	480	static
redneuronal2.c:434:6:train_network	64	static
redneuronal2.c:445:5:load_input_layer	48	static
redneuronal2.c:460:5:save_input_layer	48	static
redneuronal2.c:476:5:load_output_layer	48	static
redneuronal2.c:491:5:save_output_layer	48	static
redneuronal2.c:507:5:load_hidden_layer	48	static
redneuronal2.c:522:5:save_hidden_layer	48	static
redneuronal2.c:538:10:load_network	48	static
redneuronal2.c:557:9:load_network2	80	static
redneuronal2.c:580:5:save_network	32	static
redneuronal2.c:598:6:test_1	128	dynamic,bounded
redneuronal2.c:618:5:main	224	dynamic,bounded
